../Src/integration/acc_integration_stm32.c:55:20:disable_interrupts	4	static,ignoring_inline_asm
../Src/integration/acc_integration_stm32.c:63:20:enable_interrupts	4	static,ignoring_inline_asm
../Src/integration/acc_integration_stm32.c:102:17:rtc_time_to_tick	24	static
../Src/integration/acc_integration_stm32.c:133:13:rtc_tick_to_time	24	static
../Src/integration/acc_integration_stm32.c:160:17:get_rtc_tick	32	static
../Src/integration/acc_integration_stm32.c:191:13:update_system_tick	24	static
../Src/integration/acc_integration_stm32.c:208:13:rtc_set_next_wakeup_time	56	static
../Src/integration/acc_integration_stm32.c:248:13:enable_gpio_port_clock	32	static
../Src/integration/acc_integration_stm32.c:292:13:get_gpio_port_clock	16	static
../Src/integration/acc_integration_stm32.c:321:13:save_gpio_bank	16	static
../Src/integration/acc_integration_stm32.c:338:13:restore_gpio_bank	16	static
../Src/integration/acc_integration_stm32.c:362:13:gpio_suspend	40	static
../Src/integration/acc_integration_stm32.c:424:13:gpio_resume	8	static
../Src/integration/acc_integration_stm32.c:436:6:HAL_RTC_AlarmAEventCallback	16	static
../Src/integration/acc_integration_stm32.c:448:6:HAL_RTCEx_WakeUpTimerEventCallback	16	static
../Src/integration/acc_integration_stm32.c:456:13:acc_integration_enable_wake_up	24	static
../Src/integration/acc_integration_stm32.c:492:13:acc_integration_disable_wake_up	8	static
../Src/integration/acc_integration_stm32.c:501:6:acc_integration_sleep_ms	16	static
../Src/integration/acc_integration_stm32.c:507:6:acc_integration_sleep_us	16	static,ignoring_inline_asm
../Src/integration/acc_integration_stm32.c:531:6:acc_integration_set_periodic_wakeup	16	static
../Src/integration/acc_integration_stm32.c:538:13:acc_integration_prepare_stop_1	8	static
../Src/integration/acc_integration_stm32.c:556:13:acc_integration_resume_stop_1	8	static
../Src/integration/acc_integration_stm32.c:590:6:acc_integration_sleep_until_periodic_wakeup	16	static
../Src/integration/acc_integration_stm32.c:626:10:acc_integration_get_time	8	static
../Src/integration/acc_integration_stm32.c:632:7:acc_integration_mem_alloc	16	static
../Src/integration/acc_integration_stm32.c:638:7:acc_integration_mem_calloc	16	static
../Src/integration/acc_integration_stm32.c:644:6:acc_integration_mem_free	16	static
