../Src/algorithms/acc_algorithm.c:1503:13:sum_i16_complex	12	static
../Src/algorithms/acc_algorithm.c:1518:13:mean_i16_complex	8	static
../Src/algorithms/acc_algorithm.c:1540:13:fftshift	24	static
../Src/algorithms/acc_algorithm.c:1638:22:get_data_padded_f32_to_f32_complex	8	static
../Src/algorithms/acc_algorithm.c:1873:13:double_buffering_median_filter	96	static
../Src/algorithms/acc_algorithm.c:1971:13:merge_peak_cluster	20	static
../Src/algorithms/acc_algorithm.c:1779:13:small_fft_transformation	64	static
../Src/algorithms/acc_algorithm.c:1727:13:small_fft	36	static
../Src/algorithms/acc_algorithm.c:1529:13:rfft	112	static
../Src/algorithms/acc_algorithm.c:186:6:acc_algorithm_roll_and_push	24	static
../Src/algorithms/acc_algorithm.c:197:6:acc_algorithm_roll_and_push_matrix_f32	28	static
../Src/algorithms/acc_algorithm.c:232:6:acc_algorithm_roll_and_push_matrix_f32_complex	28	static
../Src/algorithms/acc_algorithm.c:268:6:acc_algorithm_roll_and_push_mult_matrix_i16_complex	80	static
../Src/algorithms/acc_algorithm.c:311:6:acc_algorithm_unwrap	0	static
../Src/algorithms/acc_algorithm.c:334:10:acc_algorithm_argmax	0	static
../Src/algorithms/acc_algorithm.c:352:7:acc_algorithm_interpolate_peaks	0	static
../Src/algorithms/acc_algorithm.c:362:7:acc_algorithm_interpolate_peaks_equidistant	0	static
../Src/algorithms/acc_algorithm.c:482:6:acc_algorithm_lfilter	0	static
../Src/algorithms/acc_algorithm.c:493:6:acc_algorithm_lfilter_matrix	24	static
../Src/algorithms/acc_algorithm.c:502:6:acc_algorithm_apply_filter_f32	36	static
../Src/algorithms/acc_algorithm.c:522:6:acc_algorithm_apply_filter_f32_complex	32	static
../Src/algorithms/acc_algorithm.c:548:6:acc_algorithm_mean_sweep	24	static
../Src/algorithms/acc_algorithm.c:558:6:acc_algorithm_sum_sweep	24	static
../Src/algorithms/acc_algorithm.c:568:6:acc_algorithm_mean_i16_complex	0	static
../Src/algorithms/acc_algorithm.c:574:6:acc_algorithm_mean_matrix_i16_complex	24	static
../Src/algorithms/acc_algorithm.c:597:6:acc_algorithm_conj_f32	0	static
../Src/algorithms/acc_algorithm.c:606:6:acc_algorithm_normalize_f32_complex	24	static
../Src/algorithms/acc_algorithm.c:615:6:acc_algorithm_rfft	16	static
../Src/algorithms/acc_algorithm.c:621:6:acc_algorithm_rfft_matrix	56	static
../Src/algorithms/acc_algorithm.c:647:6:acc_algorithm_fft	16	static
../Src/algorithms/acc_algorithm.c:1558:13:welch	104	static
../Src/algorithms/acc_algorithm.c:653:6:acc_algorithm_fft_matrix	56	static
../Src/algorithms/acc_algorithm.c:679:7:acc_algorithm_fftfreq_delta	0	static
../Src/algorithms/acc_algorithm.c:692:6:acc_algorithm_rfftfreq	8	static
../Src/algorithms/acc_algorithm.c:704:6:acc_algorithm_fftfreq	16	static
../Src/algorithms/acc_algorithm.c:724:7:acc_algorithm_exp_smoothing_coefficient	0	static
../Src/algorithms/acc_algorithm.c:739:15:acc_algorithm_cdiv	64	static
../Src/algorithms/acc_algorithm.c:370:6:acc_algorithm_butter_lowpass	64	static
../Src/algorithms/acc_algorithm.c:413:6:acc_algorithm_butter_bandpass	96	static
../Src/algorithms/acc_algorithm.c:753:6:acc_algorithm_hamming	32	static
../Src/algorithms/acc_algorithm.c:766:6:acc_algorithm_hann	24	static
../Src/algorithms/acc_algorithm.c:779:7:acc_algorithm_get_fwhm	0	static
../Src/algorithms/acc_algorithm.c:809:6:acc_algorithm_double_buffering_frame_filter	96	static
../Src/algorithms/acc_algorithm.c:885:6:acc_algorithm_fftshift_matrix	16	static
../Src/algorithms/acc_algorithm.c:894:6:acc_algorithm_fftshift	0	static
../Src/algorithms/acc_algorithm.c:900:6:acc_algorithm_welch_matrix	64	static
../Src/algorithms/acc_algorithm.c:919:6:acc_algorithm_welch	32	static
../Src/algorithms/acc_algorithm.c:933:7:acc_algorithm_calculate_cfar	12	static
../Src/algorithms/acc_algorithm.c:970:7:acc_algorithm_calculate_mirrored_one_sided_cfar	64	static
../Src/algorithms/acc_algorithm.c:1026:10:acc_algorithm_get_distance_idx	20	static
../Src/algorithms/acc_algorithm.c:1053:7:acc_algorithm_get_peak_velocity	20	static
../Src/algorithms/acc_algorithm.c:1093:6:acc_algorithm_merge_peaks	56	static
../Src/algorithms/acc_algorithm.c:1169:7:acc_algorithm_get_distance_m	0	static
../Src/algorithms/acc_algorithm.c:1177:22:acc_algorithm_select_profile	40	static
../Src/algorithms/acc_algorithm.c:1197:18:acc_algorithm_select_prf	0	static
../Src/algorithms/acc_algorithm.c:1233:6:acc_algorithm_find_peaks	48	static
../Src/algorithms/acc_algorithm.c:1333:6:acc_algorithm_count_points_above_threshold	24	static
../Src/algorithms/acc_algorithm.c:1371:9:acc_algorithm_median_i16	20	static
../Src/algorithms/acc_algorithm.c:1390:7:acc_algorithm_median_f32	20	static
../Src/algorithms/acc_algorithm.c:1409:7:acc_algorithm_max_f32	0	static
../Src/algorithms/acc_algorithm.c:1425:7:acc_algorithm_weighted_mean	0	static
../Src/algorithms/acc_algorithm.c:1450:7:acc_algorithm_variance_f32	0	static
../Src/algorithms/acc_algorithm.c:1471:7:acc_algorithm_stddev_f32	8	static
../Src/algorithms/acc_algorithm.c:1477:7:acc_algorithm_clip_f32	0	static
