../Drivers/CMSIS/Include/core_cm4.h:1933:34:__NVIC_SystemReset	4	static,ignoring_inline_asm
../Src/main.c:94:5:main	8	static
../Src/main.c:147:6:SystemClock_Config	96	static
../Src/main.c:198:13:MX_I2C2_Init	8	static
../Src/main.c:246:13:MX_RTC_Init	80	static
../Src/main.c:329:13:MX_SPI1_Init	8	static
../Src/main.c:369:13:MX_USART1_UART_Init	8	static
../Src/main.c:404:13:MX_USART2_UART_Init	8	static
../Src/main.c:437:13:MX_DMA_Init	16	static
../Src/main.c:464:13:MX_GPIO_Init	40	static
../Src/main.c:537:6:Error_Handler	8	static
