../Src/stm32l4xx_hal_msp.c:74:6:HAL_MspInit	8	static
../Src/stm32l4xx_hal_msp.c:97:6:HAL_I2C_MspInit	128	static
../Src/stm32l4xx_hal_msp.c:147:6:HAL_I2C_MspDeInit	8	static
../Src/stm32l4xx_hal_msp.c:180:6:HAL_RTC_MspInit	104	static
../Src/stm32l4xx_hal_msp.c:219:6:HAL_RTC_MspDeInit	8	static
../Src/stm32l4xx_hal_msp.c:245:6:HAL_SPI_MspInit	48	static
../Src/stm32l4xx_hal_msp.c:318:6:HAL_SPI_MspDeInit	8	static
../Src/stm32l4xx_hal_msp.c:351:6:HAL_UART_MspInit	152	static
../Src/stm32l4xx_hal_msp.c:490:6:HAL_UART_MspDeInit	8	static
