../Src/examples/JJH/jjh_v2.c:462:13:empty_uart_input_buffer	16	static
../Src/examples/JJH/jjh_v2.c:424:13:get_esp32_serial	88	static
../Src/examples/JJH/jjh_v2.c:762:13:do_detector_get_next	40	static
../Src/examples/JJH/jjh_v2.c:670:13:do_sensor_calibration	48	static
../Src/examples/JJH/jjh_v2.c:736:13:do_detector_calibration_update	48	static
../Src/examples/JJH/jjh_v2.c:585:13:cleanup	8	static
../Src/examples/JJH/jjh_v2.c:841:19:send_esp32_serial	24	static
../Src/examples/JJH/jjh_v2.c:537:13:wait_for_command.constprop	24	static
../Src/examples/JJH/jjh_v2.c:861:6:send_esp32_serial_byte	16	static
../Src/examples/JJH/jjh_v2.c:808:13:print_distance_result	176	static
../Src/examples/JJH/jjh_v2.c:166:5:acconeer_main_JJH_V2	440	static
